Error: Unable to access jarfile target\drakkarpress-platform-1.0.0.jar
